#!/usr/bin/clitest
# Test charge thresholds for ThinkPads
# Requirements:
# * Hardware: non-legacy ThinkPad
# * Batteries: BAT1 + BAT1
# * Power source AC
#
$ # +++ ThinkPad +++++++++++++++++++++++++++++++++++++++++++++++++++++++++++++++
$ # --- tlp start
$ sudo tlp start -- START_CHARGE_THRESH_BAT0= STOP_CHARGE_THRESH_BAT0= START_CHARGE_THRESH_BAT1= STOP_CHARGE_THRESH_BAT1=
TLP started in AC mode (auto).
$ sudo tlp start -- START_CHARGE_THRESH_BAT0="60" STOP_CHARGE_THRESH_BAT0="100" START_CHARGE_THRESH_BAT1="61" STOP_CHARGE_THRESH_BAT1="100"
TLP started in AC mode (auto).
$ sudo tlp start -- START_CHARGE_THRESH_BAT0="102" STOP_CHARGE_THRESH_BAT0="100" START_CHARGE_THRESH_BAT1="100" STOP_CHARGE_THRESH_BAT1="100"
Error in configuration at START_CHARGE_THRESH_BAT0="102": not specified, invalid or out of range (0..99). Battery skipped.
Error in configuration at START_CHARGE_THRESH_BAT1="100": not specified, invalid or out of range (0..99). Battery skipped.
TLP started in AC mode (auto).
$ sudo tlp start -- START_CHARGE_THRESH_BAT0="0" STOP_CHARGE_THRESH_BAT0="0" START_CHARGE_THRESH_BAT1="0" STOP_CHARGE_THRESH_BAT1="0"
Error in configuration at STOP_CHARGE_THRESH_BAT0="0": not specified, invalid or out of range (1..100). Battery skipped.
Error in configuration at STOP_CHARGE_THRESH_BAT1="0": not specified, invalid or out of range (1..100). Battery skipped.
TLP started in AC mode (auto).
$ sudo tlp start -- START_CHARGE_THRESH_BAT0="0" STOP_CHARGE_THRESH_BAT0="103" START_CHARGE_THRESH_BAT1="0" STOP_CHARGE_THRESH_BAT1="101"
Error in configuration at STOP_CHARGE_THRESH_BAT0="103": not specified, invalid or out of range (1..100). Battery skipped.
Error in configuration at STOP_CHARGE_THRESH_BAT1="101": not specified, invalid or out of range (1..100). Battery skipped.
TLP started in AC mode (auto).
$ sudo tlp start -- START_CHARGE_THRESH_BAT0="88" STOP_CHARGE_THRESH_BAT0="88" START_CHARGE_THRESH_BAT1="97" STOP_CHARGE_THRESH_BAT1="97"
Error in configuration: START_CHARGE_THRESH_BAT0 >= STOP_CHARGE_THRESH_BAT0. Battery skipped.
Error in configuration: START_CHARGE_THRESH_BAT1 >= STOP_CHARGE_THRESH_BAT1. Battery skipped.
TLP started in AC mode (auto).
$ sudo tlp start -- START_CHARGE_THRESH_BAT0="85" STOP_CHARGE_THRESH_BAT0="86" START_CHARGE_THRESH_BAT1="95" STOP_CHARGE_THRESH_BAT1="96"
TLP started in AC mode (auto).
$ sudo tlp start -- START_CHARGE_THRESH_BAT0="DEF" STOP_CHARGE_THRESH_BAT0="DEF" START_CHARGE_THRESH_BAT1="DEF" STOP_CHARGE_THRESH_BAT1="DEF"
TLP started in AC mode (auto).
$ # --- tlp setcharge w/o arguments
$ sudo tlp setcharge BAT1 -- START_CHARGE_THRESH_BAT1="60" STOP_CHARGE_THRESH_BAT1="100"
Setting temporary charge thresholds for BAT1:
  start =  60
  stop  = 100 (no change)
$ sudo tlp setcharge BAT1 -- START_CHARGE_THRESH_BAT1="100" STOP_CHARGE_THRESH_BAT1="100"
Error in configuration at START_CHARGE_THRESH_BAT1="100": not specified, invalid or out of range (0..99). Aborted.
$ sudo tlp setcharge BAT1 -- START_CHARGE_THRESH_BAT1="0" STOP_CHARGE_THRESH_BAT1="0"
Error in configuration at STOP_CHARGE_THRESH_BAT1="0": not specified, invalid or out of range (1..100). Aborted.
$ sudo tlp setcharge BAT1 -- START_CHARGE_THRESH_BAT1="0" STOP_CHARGE_THRESH_BAT1="101"
Error in configuration at STOP_CHARGE_THRESH_BAT1="101": not specified, invalid or out of range (1..100). Aborted.
$ sudo tlp setcharge BAT1 -- START_CHARGE_THRESH_BAT1="97" STOP_CHARGE_THRESH_BAT1="97"
Error in configuration: START_CHARGE_THRESH_BAT1 >= STOP_CHARGE_THRESH_BAT1. Aborted.
$ sudo tlp setcharge BAT1 -- START_CHARGE_THRESH_BAT1="95" STOP_CHARGE_THRESH_BAT1="96"
Setting temporary charge thresholds for BAT1:
  start =  95
  stop  =  96
$ sudo tlp setcharge BAT1 -- START_CHARGE_THRESH_BAT1="95" STOP_CHARGE_THRESH_BAT1="96"
Setting temporary charge thresholds for BAT1:
  start =  95 (no change)
  stop  =  96 (no change)
$ sudo tlp setcharge BAT1 -- START_CHARGE_THRESH_BAT1="DEF" STOP_CHARGE_THRESH_BAT1="DEF"
Setting temporary charge thresholds for BAT1:
  start =  96
  stop  = 100
$ # --- tlp setcharge w/ arguments
$ sudo tlp setcharge 60 100 BAT1
Setting temporary charge thresholds for BAT1:
  start =  60
  stop  = 100 (no change)
$ sudo tlp setcharge 100 100 BAT1
Error: charge start threshold (100) for BAT1 is not specified, invalid or out of range (0..99). Aborted.
$ sudo tlp setcharge 0 0 BAT1
Error: charge stop threshold (0) for BAT1 is not specified, invalid or out of range (1..100). Aborted.
$ sudo tlp setcharge 0 101 BAT1
Error: charge stop threshold (101) for BAT1 is not specified, invalid or out of range (1..100). Aborted.
$ sudo tlp setcharge XYZZY 0 BAT1
Error: charge start threshold (XYZZY) for BAT1 is not specified, invalid or out of range (0..99). Aborted.
$ sudo tlp setcharge 0 XYZZY BAT1
Error: charge stop threshold (XYZZY) for BAT1 is not specified, invalid or out of range (1..100). Aborted.
$ sudo tlp setcharge 97 97 BAT1
Error: start threshold >= stop threshold for BAT1. Aborted.
$ sudo tlp setcharge 95 96 BAT1
Setting temporary charge thresholds for BAT1:
  start =  95
  stop  =  96
$ sudo tlp setcharge 95 96 BAT1 -- X_THRESH_SIMULATE_READERR="1"
Error: could not read current charge threshold(s) for BAT1. Aborted.
$ sudo tlp setcharge 95 96 BAT1 -- X_THRESH_SIMULATE_START="60" X_THRESH_SIMULATE_STOP="100"
Setting temporary charge thresholds for BAT1:
  start =  95
  stop  =  96
$ sudo tlp setcharge 95 96 BAT1
Setting temporary charge thresholds for BAT1:
  start =  95 (no change)
  stop  =  96 (no change)
$ sudo tlp setcharge DEF DEF BAT1
Setting temporary charge thresholds for BAT1:
  start =  96
  stop  = 100
$ # --- Reset
$ sudo tlp setcharge BAT0 -- START_CHARGE_THRESH_BAT0="60" STOP_CHARGE_THRESH_BAT0="100"
Setting temporary charge thresholds for BAT0:
  start =  60
  stop  = 100 (no change)
$ sudo tlp setcharge BAT1 -- START_CHARGE_THRESH_BAT1="61" STOP_CHARGE_THRESH_BAT1="100"
Setting temporary charge thresholds for BAT1:
  start =  61
  stop  = 100 (no change)
